<?xml version="1.0" encoding="UTF-8"?>
<testsuites name="jest tests" tests="1" failures="0" time="2.239">
  <testsuite name="InspectorTable" errors="0" failures="0" skipped="0" timestamp="2021-05-06T17:43:08" time="1.226" tests="1">
    <testcase classname="InspectorTable noDataPanel should show empty data panel if no data is passed" name="InspectorTable noDataPanel should show empty data panel if no data is passed" time="0.045">
    </testcase>
  </testsuite>
</testsuites>